[skip pretrain] ./logs/ParticleJEPA/best/jrag_stock_seed42.pt exists
[skip finetune] ./logs/LorentzParT/best/ftrag_stock_seed42.pt exists
  stock  seed42: acc=0.3313 auc=0.8011
[skip pretrain] ./logs/ParticleJEPA/best/jrag_ragged_seed42.pt exists
[skip finetune] ./logs/LorentzParT/best/ftrag_ragged_seed42.pt exists
  ragged seed42: acc=0.6288 auc=0.9316
[skip pretrain] ./logs/ParticleJEPA/best/jrag_stock_seed123.pt exists
[skip finetune] ./logs/LorentzParT/best/ftrag_stock_seed123.pt exists
  stock  seed123: acc=0.2735 auc=0.7548
[skip pretrain] ./logs/ParticleJEPA/best/jrag_ragged_seed123.pt exists
[skip finetune] ./logs/LorentzParT/best/ftrag_ragged_seed123.pt exists
  ragged seed123: acc=0.6405 auc=0.9356
[skip pretrain] ./logs/ParticleJEPA/best/jrag_stock_seed456.pt exists
[skip finetune] ./logs/LorentzParT/best/ftrag_stock_seed456.pt exists
  stock  seed456: acc=0.3282 auc=0.8027
[skip pretrain] ./logs/ParticleJEPA/best/jrag_ragged_seed456.pt exists
[skip finetune] ./logs/LorentzParT/best/ftrag_ragged_seed456.pt exists
  ragged seed456: acc=0.6413 auc=0.9362

cond     seed      acc      auc  pre_ep_s   ft_ep_s
stock      42   0.3313   0.8011      41.8      29.1
ragged     42   0.6288   0.9316      21.4      13.9
stock     123   0.2735   0.7548      41.3      29.1
ragged    123   0.6405   0.9356      21.1      13.8
stock     456   0.3282   0.8027      41.3      29.1
ragged    456   0.6413   0.9362      21.2      13.8

stock  AUC 0.7862 ± 0.0222
ragged AUC 0.9345 ± 0.0020   Δ +0.1483  -> OUTSIDE seed variance
pretrain median epoch: stock 41.5s -> ragged 21.2s   (1.95x)
finetune median epoch: stock 29.1s -> ragged 13.8s   (2.10x)

VERDICT: ragged CHANGES AUC; pretrain 1.95x, finetune 2.10x faster/epoch
